../Core/Src/dynamics.c:24:6:mul_mat_vec_3d	40	static
../Core/Src/dynamics.c:35:6:mul_mat_vec_4d	40	static
../Core/Src/dynamics.c:46:6:dot_vec_3d	32	static
../Core/Src/dynamics.c:52:6:dot_vec_4d	32	static
../Core/Src/dynamics.c:58:6:add_vec_3d	32	static
../Core/Src/dynamics.c:64:6:sub_vec_3d	32	static
../Core/Src/dynamics.c:70:6:add_vec_4d	32	static
../Core/Src/dynamics.c:76:6:sub_vec_4d	32	static
../Core/Src/dynamics.c:82:6:prod_vec_3d	32	static
../Core/Src/dynamics.c:88:6:prod_vec_4d	32	static
../Core/Src/dynamics.c:94:6:sqrt_vec_4d	32	static
../Core/Src/dynamics.c:100:6:get_R	48	static
../Core/Src/dynamics.c:114:6:get_R_inv	48	static
../Core/Src/dynamics.c:128:6:get_C	32	static
../Core/Src/dynamics.c:140:6:get_C_inv	32	static
../Core/Src/dynamics.c:152:6:get_C_dot	40	static
../Core/Src/dynamics.c:164:7:get_error	16	static
../Core/Src/dynamics.c:168:7:get_dot_ref_by_pd	24	static
../Core/Src/dynamics.c:172:6:get_eta_dot_dot_ref	24	static
../Core/Src/dynamics.c:178:7:get_z_dot_error	16	static
../Core/Src/dynamics.c:182:7:get_z_dot_dot_ref	16	static
../Core/Src/dynamics.c:186:6:get_force_vector	56	static
../Core/Src/dynamics.c:197:6:get_esc_vector	24	static
../Core/Src/dynamics.c:244:6:update_euler_state	144	static
