../Drivers/CMSIS/Include/core_cm4.h:1676:26:__NVIC_GetPriorityGrouping	4	static
../Drivers/CMSIS/Include/core_cm4.h:1688:22:__NVIC_EnableIRQ	16	static
../Drivers/CMSIS/Include/core_cm4.h:1816:22:__NVIC_SetPriority	16	static
../Drivers/CMSIS/Include/core_cm4.h:1863:26:NVIC_EncodePriority	40	static
../Drivers/STM32F4xx_HAL_Driver/Inc/stm32f4xx_ll_usart.h:410:22:LL_USART_Enable	16	static
../Drivers/STM32F4xx_HAL_Driver/Inc/stm32f4xx_ll_usart.h:1479:22:LL_USART_ConfigAsyncMode	16	static
../Drivers/STM32F4xx_HAL_Driver/Inc/stm32f4xx_ll_bus.h:409:22:LL_AHB1_GRP1_EnableClock	24	static
../Drivers/STM32F4xx_HAL_Driver/Inc/stm32f4xx_ll_bus.h:1185:22:LL_APB1_GRP1_EnableClock	24	static
../Drivers/STM32F4xx_HAL_Driver/Inc/stm32f4xx_ll_bus.h:1704:22:LL_APB2_GRP1_EnableClock	24	static
../Core/Src/main.c:82:6:loop	8	static
../Core/Src/main.c:117:5:main	8	static
../Core/Src/main.c:178:6:SystemClock_Config	88	static
../Core/Src/main.c:224:13:MX_SPI1_Init	8	static
../Core/Src/main.c:262:13:MX_TIM2_Init	48	static
../Core/Src/main.c:315:13:MX_TIM3_Init	48	static
../Core/Src/main.c:368:13:MX_TIM4_Init	48	static
../Core/Src/main.c:416:13:MX_TIM5_Init	48	static
../Core/Src/main.c:464:13:MX_TIM13_Init	40	static
../Core/Src/main.c:509:13:MX_USART1_UART_Init	64	static
../Core/Src/main.c:564:13:MX_USART3_UART_Init	64	static
../Core/Src/main.c:619:13:MX_GPIO_Init	40	static
../Core/Src/main.c:648:6:Error_Handler	4	static,ignoring_inline_asm
